• Ran them.

  Caveat: I did not find a checked-in room backfill export with signatures, so measurement 1 used the large signed Matrix fixture /run/media/shane/shane4tb-ent/repos/zk-snark-matrix-sdk/fixtures/fed_nutra_dev.json as a proxy.

   Measurement                                                     Result
  ━━━━━━━━━━━━━━━━━━━━━━━━━━━━━━  ━━━━━━━━━━━━━━━━━━━━━━━━━━━━━━━━━━━━━━━━
   zstd -3, with signatures                                  50,662 bytes
  ──────────────────────────────  ────────────────────────────────────────
   zstd -3, stripped signatures                              31,774 bytes
  ──────────────────────────────  ────────────────────────────────────────
   zstd -3 delta                   18,888 bytes, 37.3% of compressed size
  ──────────────────────────────  ────────────────────────────────────────
   zstd -9, with signatures                                  47,658 bytes
  ──────────────────────────────  ────────────────────────────────────────
   zstd -9, stripped signatures                              29,192 bytes
  ──────────────────────────────  ────────────────────────────────────────
   zstd -9 delta                   18,466 bytes, 38.7% of compressed size

  Verification timings, wall-clock:

   n          BLS verify    BLS decode    Ed25519 batch verify
  ━━━━━━━━━  ━━━━━━━━━━━━  ━━━━━━━━━━━━  ━━━━━━━━━━━━━━━━━━━━━━
   1,000      936.653 ms    107.726 ms               17.140 ms
  ─────────  ────────────  ────────────  ──────────────────────
   10,000        9.553 s       1.082 s              162.425 ms
  ─────────  ────────────  ────────────  ──────────────────────
   100,000      93.048 s      10.721 s                 1.577 s

  The BLS path is much slower on receiver CPU in this benchmark, not faster. The compression result does show a real signature-byte win, but on this proxy corpus it’s not enough to justify a CPU-savings story. The honest
  motivation is bandwidth-only, and it needs to say that plainly.

